<html>
<body>
<pre>
<h1>µVision Build Log</h1>
<h2>Project:</h2>
D:\MyWork\Microcontrollers\STM32F4DiscoveryTest\Discovery_test.uvproj
Project File Date:  08/05/2013

<h2>Output:</h2>
Clean started: Project: 'Discovery_test'
   deleting intermediate output files for target 'Target 1'
Build target 'Target 1'
compiling cpal_hal.c...
compiling cpal_i2c.c...
STM32_CPAL_Driver\cpal_i2c.c(1157): warning:  #174-D: expression has no effect
compiling cpal_i2c_hal_stm32f4xx.c...
compiling cpal_usercallback_template.c...
compiling stm32f4xx_it.c...
compiling system_stm32f4xx.c...
compiling misc.c...
compiling stm32f4xx_adc.c...
compiling stm32f4xx_can.c...
compiling stm32f4xx_crc.c...
compiling stm32f4xx_cryp.c...
compiling stm32f4xx_cryp_aes.c...
compiling stm32f4xx_cryp_des.c...
compiling stm32f4xx_cryp_tdes.c...
compiling stm32f4xx_dac.c...
compiling stm32f4xx_dbgmcu.c...
compiling stm32f4xx_dcmi.c...
compiling stm32f4xx_dma.c...
compiling stm32f4xx_exti.c...
compiling stm32f4xx_flash.c...
compiling stm32f4xx_fsmc.c...
compiling stm32f4xx_gpio.c...
compiling stm32f4xx_hash.c...
compiling stm32f4xx_hash_md5.c...
compiling stm32f4xx_hash_sha1.c...
compiling stm32f4xx_i2c.c...
compiling stm32f4xx_iwdg.c...
compiling stm32f4xx_pwr.c...
compiling stm32f4xx_rcc.c...
compiling stm32f4xx_rng.c...
compiling stm32f4xx_rtc.c...
compiling stm32f4xx_sdio.c...
compiling stm32f4xx_spi.c...
compiling stm32f4xx_syscfg.c...
compiling stm32f4xx_tim.c...
compiling stm32f4xx_usart.c...
compiling stm32f4xx_wwdg.c...
assembling startup_stm32f4xx.s...
compiling adc.c...
Usr\CS43L22.h(202): warning:  #1-D: last line of file ends without a newline
Usr\adc.c(10): warning:  #177-D: variable "adc_common" was declared but never referenced
compiling CS43L22.c...
Usr\CS43L22.h(202): warning:  #1-D: last line of file ends without a newline
Usr\CS43L22.h(202): warning:  #1-D: last line of file ends without a newline
Usr\CS43L22.c(18): warning:  #223-D: function "CPAL_I2C_StructInit" declared implicitly
Usr\CS43L22.c(27): warning:  #223-D: function "CPAL_I2C_Init" declared implicitly
Usr\CS43L22.c(36): warning:  #223-D: function "CPAL_I2C_Write" declared implicitly
Usr\CS43L22.c(50): warning:  #223-D: function "CPAL_I2C_Read" declared implicitly
Usr\CS43L22.c(63): warning:  #177-D: function "lowLevelInit" was declared but never referenced
Usr\CS43L22.c(6): warning:  #177-D: variable "dacHwInitStruct" was declared but never referenced
compiling GPIO.c...
Usr\CS43L22.h(202): warning:  #1-D: last line of file ends without a newline
compiling I2C.c...
Usr\CS43L22.h(202): warning:  #1-D: last line of file ends without a newline
Usr\I2C.c(3): warning:  #177-D: variable "rxData" was declared but never referenced
Usr\I2C.c(4): warning:  #177-D: variable "txData" was declared but never referenced
Usr\I2C.c(5): warning:  #177-D: variable "targetAddress" was declared but never referenced
compiling LIS302DL.c...
compiling main.c...
Usr\CS43L22.h(202): warning:  #1-D: last line of file ends without a newline
Usr\main.c(10): warning:  #223-D: function "DacInit" declared implicitly
Usr\main.c(11): warning:  #223-D: function "DacWrite" declared implicitly
Usr\main.c(18): warning:  #111-D: statement is unreachable
compiling SPI.c...
Usr\SPI.h(7): warning:  #1-D: last line of file ends without a newline
compiling timer.c...
Usr\CS43L22.h(202): warning:  #1-D: last line of file ends without a newline
linking...
Program Size: Code=9848 RO-data=644 RW-data=152 ZI-data=8864  
".\obj\Discovery_test.axf" - 0 Errors, 22 Warning(s).
Build target 'Target 1'
compiling cpal_hal.c...
compiling cpal_i2c.c...
STM32_CPAL_Driver\cpal_i2c.c(1157): warning:  #174-D: expression has no effect
compiling cpal_i2c_hal_stm32f4xx.c...
compiling cpal_usercallback_template.c...
compiling stm32f4xx_it.c...
compiling system_stm32f4xx.c...
compiling misc.c...
compiling stm32f4xx_adc.c...
compiling stm32f4xx_can.c...
compiling stm32f4xx_crc.c...
compiling stm32f4xx_cryp.c...
compiling stm32f4xx_cryp_aes.c...
compiling stm32f4xx_cryp_des.c...
compiling stm32f4xx_cryp_tdes.c...
compiling stm32f4xx_dac.c...
compiling stm32f4xx_dbgmcu.c...
compiling stm32f4xx_dcmi.c...
compiling stm32f4xx_dma.c...
compiling stm32f4xx_exti.c...
compiling stm32f4xx_flash.c...
compiling stm32f4xx_fsmc.c...
compiling stm32f4xx_gpio.c...
compiling stm32f4xx_hash.c...
compiling stm32f4xx_hash_md5.c...
compiling stm32f4xx_hash_sha1.c...
compiling stm32f4xx_i2c.c...
compiling stm32f4xx_iwdg.c...
compiling stm32f4xx_pwr.c...
compiling stm32f4xx_rcc.c...
compiling stm32f4xx_rng.c...
compiling stm32f4xx_rtc.c...
compiling stm32f4xx_sdio.c...
compiling stm32f4xx_spi.c...
compiling stm32f4xx_syscfg.c...
compiling stm32f4xx_tim.c...
compiling stm32f4xx_usart.c...
compiling stm32f4xx_wwdg.c...
assembling startup_stm32f4xx.s...
compiling adc.c...
Usr\CS43L22.h(202): warning:  #1-D: last line of file ends without a newline
Usr\adc.c(10): warning:  #177-D: variable "adc_common" was declared but never referenced
compiling CS43L22.c...
Usr\CS43L22.h(202): warning:  #1-D: last line of file ends without a newline
Usr\CS43L22.h(202): warning:  #1-D: last line of file ends without a newline
Usr\CS43L22.c(18): warning:  #223-D: function "CPAL_I2C_StructInit" declared implicitly
Usr\CS43L22.c(27): warning:  #223-D: function "CPAL_I2C_Init" declared implicitly
Usr\CS43L22.c(36): warning:  #223-D: function "CPAL_I2C_Write" declared implicitly
Usr\CS43L22.c(50): warning:  #223-D: function "CPAL_I2C_Read" declared implicitly
Usr\CS43L22.c(63): warning:  #177-D: function "lowLevelInit" was declared but never referenced
Usr\CS43L22.c(6): warning:  #177-D: variable "dacHwInitStruct" was declared but never referenced
compiling GPIO.c...
Usr\CS43L22.h(202): warning:  #1-D: last line of file ends without a newline
compiling I2C.c...
Usr\CS43L22.h(202): warning:  #1-D: last line of file ends without a newline
Usr\I2C.c(3): warning:  #177-D: variable "rxData" was declared but never referenced
Usr\I2C.c(4): warning:  #177-D: variable "txData" was declared but never referenced
Usr\I2C.c(5): warning:  #177-D: variable "targetAddress" was declared but never referenced
compiling LIS302DL.c...
compiling main.c...
Usr\CS43L22.h(202): warning:  #1-D: last line of file ends without a newline
Usr\main.c(10): warning:  #223-D: function "DacInit" declared implicitly
Usr\main.c(11): warning:  #223-D: function "DacRead" declared implicitly
Usr\main.c(18): warning:  #111-D: statement is unreachable
compiling SPI.c...
Usr\SPI.h(7): warning:  #1-D: last line of file ends without a newline
compiling timer.c...
Usr\CS43L22.h(202): warning:  #1-D: last line of file ends without a newline
linking...
Program Size: Code=9844 RO-data=644 RW-data=152 ZI-data=8864  
".\obj\Discovery_test.axf" - 0 Errors, 22 Warning(s).
Load "D:\\MyWork\\Microcontrollers\\STM32F4DiscoveryTest\\obj\\Discovery_test.axf" 
Erase Done.
Programming Done.
Verify OK.
Build target 'Target 1'
compiling cpal_hal.c...
compiling cpal_i2c.c...
STM32_CPAL_Driver\cpal_i2c.c(1157): warning:  #174-D: expression has no effect
compiling cpal_i2c_hal_stm32f4xx.c...
compiling cpal_usercallback_template.c...
compiling stm32f4xx_it.c...
compiling system_stm32f4xx.c...
compiling misc.c...
compiling stm32f4xx_adc.c...
compiling stm32f4xx_can.c...
compiling stm32f4xx_crc.c...
compiling stm32f4xx_cryp.c...
compiling stm32f4xx_cryp_aes.c...
compiling stm32f4xx_cryp_des.c...
compiling stm32f4xx_cryp_tdes.c...
compiling stm32f4xx_dac.c...
compiling stm32f4xx_dbgmcu.c...
compiling stm32f4xx_dcmi.c...
compiling stm32f4xx_dma.c...
compiling stm32f4xx_exti.c...
compiling stm32f4xx_flash.c...
compiling stm32f4xx_fsmc.c...
compiling stm32f4xx_gpio.c...
compiling stm32f4xx_hash.c...
compiling stm32f4xx_hash_md5.c...
compiling stm32f4xx_hash_sha1.c...
compiling stm32f4xx_i2c.c...
compiling stm32f4xx_iwdg.c...
compiling stm32f4xx_pwr.c...
compiling stm32f4xx_rcc.c...
compiling stm32f4xx_rng.c...
compiling stm32f4xx_rtc.c...
compiling stm32f4xx_sdio.c...
compiling stm32f4xx_spi.c...
compiling stm32f4xx_syscfg.c...
compiling stm32f4xx_tim.c...
compiling stm32f4xx_usart.c...
compiling stm32f4xx_wwdg.c...
assembling startup_stm32f4xx.s...
compiling adc.c...
Usr\CS43L22.h(202): warning:  #1-D: last line of file ends without a newline
Usr\adc.c(10): warning:  #177-D: variable "adc_common" was declared but never referenced
compiling CS43L22.c...
Usr\CS43L22.h(202): warning:  #1-D: last line of file ends without a newline
Usr\CS43L22.h(202): warning:  #1-D: last line of file ends without a newline
Usr\CS43L22.c(18): warning:  #223-D: function "CPAL_I2C_StructInit" declared implicitly
Usr\CS43L22.c(27): warning:  #223-D: function "CPAL_I2C_Init" declared implicitly
Usr\CS43L22.c(36): warning:  #223-D: function "CPAL_I2C_Write" declared implicitly
Usr\CS43L22.c(50): warning:  #223-D: function "CPAL_I2C_Read" declared implicitly
Usr\CS43L22.c(63): warning:  #177-D: function "lowLevelInit" was declared but never referenced
Usr\CS43L22.c(6): warning:  #177-D: variable "dacHwInitStruct" was declared but never referenced
compiling GPIO.c...
Usr\CS43L22.h(202): warning:  #1-D: last line of file ends without a newline
compiling I2C.c...
Usr\CS43L22.h(202): warning:  #1-D: last line of file ends without a newline
Usr\I2C.c(3): warning:  #177-D: variable "rxData" was declared but never referenced
Usr\I2C.c(4): warning:  #177-D: variable "txData" was declared but never referenced
Usr\I2C.c(5): warning:  #177-D: variable "targetAddress" was declared but never referenced
compiling LIS302DL.c...
compiling main.c...
Usr\CS43L22.h(202): warning:  #1-D: last line of file ends without a newline
Usr\main.c(10): warning:  #223-D: function "DacInit" declared implicitly
Usr\main.c(11): warning:  #223-D: function "DacWrite" declared implicitly
Usr\main.c(18): warning:  #111-D: statement is unreachable
compiling SPI.c...
Usr\SPI.h(7): warning:  #1-D: last line of file ends without a newline
compiling timer.c...
Usr\CS43L22.h(202): warning:  #1-D: last line of file ends without a newline
linking...
Program Size: Code=9848 RO-data=644 RW-data=152 ZI-data=8864  
".\obj\Discovery_test.axf" - 0 Errors, 22 Warning(s).
Load "D:\\MyWork\\Microcontrollers\\STM32F4DiscoveryTest\\obj\\Discovery_test.axf" 
Erase Done.
Programming Done.
Verify OK.
Build target 'Target 1'
compiling cpal_usercallback_template.c...
STM32_CPAL_Driver\cpal_usercallback_template.c(237): error:  #40: expected an identifier
compiling main.c...
Usr\CS43L22.h(202): warning:  #1-D: last line of file ends without a newline
Usr\main.c(10): warning:  #223-D: function "DacInit" declared implicitly
Usr\main.c(11): warning:  #223-D: function "DacWrite" declared implicitly
Usr\main.c(18): warning:  #111-D: statement is unreachable
".\obj\Discovery_test.axf" - 1 Errors, 4 Warning(s).
Target not created
Build target 'Target 1'
compiling cpal_hal.c...
compiling cpal_i2c.c...
STM32_CPAL_Driver\cpal_i2c.c(1157): warning:  #174-D: expression has no effect
compiling cpal_i2c_hal_stm32f4xx.c...
compiling cpal_usercallback_template.c...
compiling CS43L22.c...
Usr\CS43L22.h(202): warning:  #1-D: last line of file ends without a newline
Usr\CS43L22.h(202): warning:  #1-D: last line of file ends without a newline
Usr\CS43L22.c(18): warning:  #223-D: function "CPAL_I2C_StructInit" declared implicitly
Usr\CS43L22.c(27): warning:  #223-D: function "CPAL_I2C_Init" declared implicitly
Usr\CS43L22.c(36): warning:  #223-D: function "CPAL_I2C_Write" declared implicitly
Usr\CS43L22.c(50): warning:  #223-D: function "CPAL_I2C_Read" declared implicitly
Usr\CS43L22.c(63): warning:  #177-D: function "lowLevelInit" was declared but never referenced
Usr\CS43L22.c(6): warning:  #177-D: variable "dacHwInitStruct" was declared but never referenced
linking...
Program Size: Code=9852 RO-data=644 RW-data=152 ZI-data=8864  
".\obj\Discovery_test.axf" - 0 Errors, 9 Warning(s).
Build target 'Target 1'
compiling cpal_usercallback_template.c...
linking...
Program Size: Code=9872 RO-data=644 RW-data=152 ZI-data=8864  
".\obj\Discovery_test.axf" - 0 Errors, 0 Warning(s).
Full Chip Erase Done.
Load "D:\\MyWork\\Microcontrollers\\STM32F4DiscoveryTest\\obj\\Discovery_test.axf" 
Erase Done.
Programming Done.
Verify OK.
Build target 'Target 1'
compiling adc.c...
Usr\CS43L22.h(202): warning:  #1-D: last line of file ends without a newline
Usr\adc.c(10): warning:  #177-D: variable "adc_common" was declared but never referenced
compiling CS43L22.c...
Usr\CS43L22.h(202): warning:  #1-D: last line of file ends without a newline
Usr\CS43L22.h(202): warning:  #1-D: last line of file ends without a newline
Usr\CS43L22.c(18): warning:  #223-D: function "CPAL_I2C_StructInit" declared implicitly
Usr\CS43L22.c(27): warning:  #223-D: function "CPAL_I2C_Init" declared implicitly
Usr\CS43L22.c(36): warning:  #223-D: function "CPAL_I2C_Write" declared implicitly
Usr\CS43L22.c(50): warning:  #223-D: function "CPAL_I2C_Read" declared implicitly
Usr\CS43L22.c(63): warning:  #177-D: function "lowLevelInit" was declared but never referenced
Usr\CS43L22.c(6): warning:  #177-D: variable "dacHwInitStruct" was declared but never referenced
compiling GPIO.c...
Usr\CS43L22.h(202): warning:  #1-D: last line of file ends without a newline
compiling I2C.c...
Usr\CS43L22.h(202): warning:  #1-D: last line of file ends without a newline
Usr\I2C.c(3): warning:  #177-D: variable "rxData" was declared but never referenced
Usr\I2C.c(4): warning:  #177-D: variable "txData" was declared but never referenced
Usr\I2C.c(5): warning:  #177-D: variable "targetAddress" was declared but never referenced
compiling main.c...
Usr\CS43L22.h(202): warning:  #1-D: last line of file ends without a newline
Usr\main.c(10): warning:  #223-D: function "DacInit" declared implicitly
Usr\main.c(11): warning:  #223-D: function "DacWrite" declared implicitly
Usr\main.c(18): warning:  #111-D: statement is unreachable
compiling timer.c...
Usr\CS43L22.h(202): warning:  #1-D: last line of file ends without a newline
linking...
Program Size: Code=9872 RO-data=644 RW-data=152 ZI-data=8864  
".\obj\Discovery_test.axf" - 0 Errors, 20 Warning(s).
Build target 'Target 1'
compiling adc.c...
Usr\CS43L22.h(202): warning:  #1-D: last line of file ends without a newline
Usr\adc.c(10): warning:  #177-D: variable "adc_common" was declared but never referenced
compiling CS43L22.c...
Usr\CS43L22.h(202): warning:  #1-D: last line of file ends without a newline
Usr\CS43L22.h(202): warning:  #1-D: last line of file ends without a newline
Usr\CS43L22.c(18): warning:  #223-D: function "CPAL_I2C_StructInit" declared implicitly
Usr\CS43L22.c(27): warning:  #223-D: function "CPAL_I2C_Init" declared implicitly
Usr\CS43L22.c(36): warning:  #223-D: function "CPAL_I2C_Write" declared implicitly
Usr\CS43L22.c(50): warning:  #223-D: function "CPAL_I2C_Read" declared implicitly
Usr\CS43L22.c(63): warning:  #177-D: function "lowLevelInit" was declared but never referenced
Usr\CS43L22.c(6): warning:  #177-D: variable "dacHwInitStruct" was declared but never referenced
compiling GPIO.c...
Usr\CS43L22.h(202): warning:  #1-D: last line of file ends without a newline
compiling I2C.c...
Usr\CS43L22.h(202): warning:  #1-D: last line of file ends without a newline
Usr\I2C.c(3): warning:  #177-D: variable "rxData" was declared but never referenced
Usr\I2C.c(4): warning:  #177-D: variable "txData" was declared but never referenced
Usr\I2C.c(5): warning:  #177-D: variable "targetAddress" was declared but never referenced
compiling main.c...
Usr\CS43L22.h(202): warning:  #1-D: last line of file ends without a newline
Usr\main.c(10): warning:  #223-D: function "DacInit" declared implicitly
Usr\main.c(11): warning:  #223-D: function "DacWrite" declared implicitly
Usr\main.c(18): warning:  #111-D: statement is unreachable
compiling timer.c...
Usr\CS43L22.h(202): warning:  #1-D: last line of file ends without a newline
linking...
Program Size: Code=9872 RO-data=644 RW-data=152 ZI-data=8864  
".\obj\Discovery_test.axf" - 0 Errors, 20 Warning(s).
Full Chip Erase Done.
Load "D:\\MyWork\\Microcontrollers\\STM32F4DiscoveryTest\\obj\\Discovery_test.axf" 
Erase Done.
Programming Done.
Verify OK.
Build target 'Target 1'
compiling CS43L22.c...
Usr\CS43L22.h(202): warning:  #1-D: last line of file ends without a newline
Usr\CS43L22.h(202): warning:  #1-D: last line of file ends without a newline
Usr\CS43L22.c(18): warning:  #223-D: function "CPAL_I2C_StructInit" declared implicitly
Usr\CS43L22.c(27): warning:  #223-D: function "CPAL_I2C_Init" declared implicitly
Usr\CS43L22.c(36): warning:  #223-D: function "CPAL_I2C_Write" declared implicitly
Usr\CS43L22.c(50): warning:  #223-D: function "CPAL_I2C_Read" declared implicitly
Usr\CS43L22.c(63): warning:  #177-D: function "lowLevelInit" was declared but never referenced
Usr\CS43L22.c(6): warning:  #177-D: variable "dacHwInitStruct" was declared but never referenced
linking...
Program Size: Code=9872 RO-data=644 RW-data=152 ZI-data=8864  
".\obj\Discovery_test.axf" - 0 Errors, 8 Warning(s).
Load "D:\\MyWork\\Microcontrollers\\STM32F4DiscoveryTest\\obj\\Discovery_test.axf" 
Erase Done.
Programming Done.
Verify OK.
Build target 'Target 1'
compiling CS43L22.c...
Usr\CS43L22.h(202): warning:  #1-D: last line of file ends without a newline
Usr\CS43L22.h(202): warning:  #1-D: last line of file ends without a newline
Usr\CS43L22.c(18): warning:  #223-D: function "CPAL_I2C_StructInit" declared implicitly
Usr\CS43L22.c(27): warning:  #223-D: function "CPAL_I2C_Init" declared implicitly
Usr\CS43L22.c(36): warning:  #223-D: function "CPAL_I2C_Write" declared implicitly
Usr\CS43L22.c(50): warning:  #223-D: function "CPAL_I2C_Read" declared implicitly
Usr\CS43L22.c(63): warning:  #177-D: function "lowLevelInit" was declared but never referenced
Usr\CS43L22.c(6): warning:  #177-D: variable "dacHwInitStruct" was declared but never referenced
linking...
Program Size: Code=9872 RO-data=644 RW-data=152 ZI-data=8864  
".\obj\Discovery_test.axf" - 0 Errors, 8 Warning(s).
Load "D:\\MyWork\\Microcontrollers\\STM32F4DiscoveryTest\\obj\\Discovery_test.axf" 
Erase Done.
Programming Done.
Verify OK.
Build target 'Target 1'
compiling main.c...
Usr\CS43L22.h(202): warning:  #1-D: last line of file ends without a newline
Usr\main.c(145): warning:  #550-D: variable "received_data" was set but never used
Usr\main.c(185): warning:  #1-D: last line of file ends without a newline
linking...
Program Size: Code=9980 RO-data=644 RW-data=152 ZI-data=8304  
".\obj\Discovery_test.axf" - 0 Errors, 3 Warning(s).
Build target 'Target 1'
compiling main.c...
Usr\CS43L22.h(202): warning:  #1-D: last line of file ends without a newline
Usr\main.c(145): warning:  #550-D: variable "received_data" was set but never used
Usr\main.c(185): warning:  #1-D: last line of file ends without a newline
linking...
Program Size: Code=9980 RO-data=644 RW-data=152 ZI-data=8304  
".\obj\Discovery_test.axf" - 0 Errors, 3 Warning(s).
Load "D:\\MyWork\\Microcontrollers\\STM32F4DiscoveryTest\\obj\\Discovery_test.axf" 
Erase Done.
Programming Done.
Verify OK.
Build target 'Target 1'
linking...
Program Size: Code=9980 RO-data=644 RW-data=152 ZI-data=8304  
".\obj\Discovery_test.axf" - 0 Errors, 0 Warning(s).
Load "D:\\MyWork\\Microcontrollers\\STM32F4DiscoveryTest\\obj\\Discovery_test.axf" 
Erase Done.
Programming Done.
Verify OK.
Build target 'Target 1'
compiling main.c...
Usr\CS43L22.h(202): warning:  #1-D: last line of file ends without a newline
Usr\main.c(145): warning:  #550-D: variable "received_data" was set but never used
Usr\main.c(185): warning:  #1-D: last line of file ends without a newline
linking...
Program Size: Code=9980 RO-data=644 RW-data=152 ZI-data=8304  
".\obj\Discovery_test.axf" - 0 Errors, 3 Warning(s).
Full Chip Erase Done.
Load "D:\\MyWork\\Microcontrollers\\STM32F4DiscoveryTest\\obj\\Discovery_test.axf" 
Erase Done.
Programming Done.
Verify OK.
